     1                                  org 0x7c00
     2                                  bits 16
     3                                  
     4 00000000 B800B8                  mov ax, 0xb800
     5 00000003 8ED8                    mov ds, ax
     6 00000005 B80000                  mov ax, 0
     7 00000008 8ED0                    mov ss, ax
     8 0000000A 8EC0                    mov es, ax
     9 0000000C BD0080                  mov bp, 8000h
    10 0000000F BC0080                  mov sp, 8000h
    11                                  
    12 00000012 B9A00F                  mov cx, 4000
    13 00000015 BF0000                  mov di, 0
    14                                  
    15                                  loop:
    16                                  
    17 00000018 C60520                      mov byte [di], ' '
    18 0000001B 0C80                        or al, 10000000b
    19 0000001D 884501                      mov [di+1], al
    20                                  
    21 00000020 0410                    add al, 00010000b
    22 00000022 83C702                  add di, 2
    23 00000025 49                      dec cx
    24 00000026 75F0                    jnz loop
    25                                  
    26 00000028 F4                      hlt
    27                                  
    28 00000029 00<rep 1D5h>            times 512-2-($-$$) db 0
    29 000001FE 55                      db 0x55
    30 000001FF AA                      db 0xaa
